Traceback (most recent call last):
  File "/Users/yuchiaol_ntuas/miniconda3/lib/python3.11/site-packages/jupyter_cache/executors/utils.py", line 58, in single_nb_execution
    executenb(
  File "/Users/yuchiaol_ntuas/miniconda3/lib/python3.11/site-packages/nbclient/client.py", line 1305, in execute
    return NotebookClient(nb=nb, resources=resources, km=km, **kwargs).execute()
           ^^^^^^^^^^^^^^^^^^^^^^^^^^^^^^^^^^^^^^^^^^^^^^^^^^^^^^^^^^^^^^^^^^^^^
  File "/Users/yuchiaol_ntuas/miniconda3/lib/python3.11/site-packages/jupyter_core/utils/__init__.py", line 166, in wrapped
    return loop.run_until_complete(inner)
           ^^^^^^^^^^^^^^^^^^^^^^^^^^^^^^
  File "/Users/yuchiaol_ntuas/miniconda3/lib/python3.11/asyncio/base_events.py", line 653, in run_until_complete
    return future.result()
           ^^^^^^^^^^^^^^^
  File "/Users/yuchiaol_ntuas/miniconda3/lib/python3.11/site-packages/nbclient/client.py", line 705, in async_execute
    await self.async_execute_cell(
  File "/Users/yuchiaol_ntuas/miniconda3/lib/python3.11/site-packages/nbclient/client.py", line 1058, in async_execute_cell
    await self._check_raise_for_error(cell, cell_index, exec_reply)
  File "/Users/yuchiaol_ntuas/miniconda3/lib/python3.11/site-packages/nbclient/client.py", line 914, in _check_raise_for_error
    raise CellExecutionError.from_cell_and_msg(cell, exec_reply_content)
nbclient.exceptions.CellExecutionError: An error occurred while executing the following cell:
------------------
ECS = rcm_2xCO2_h2o.Ts - rcm.Ts
print('ECS')
print(ECS)

g = ECS / ECS_nofeedback
print('gain')
print(g)

lambda_net = DeltaR / ECS
print('lambda_net')
print(lambda_net)

lambda_h2o = lambda0 - lambda_net
print('lambda_h2o')
print(lambda_h2o)

------------------

----- stdout -----
ECS
[2.98902357]
gain
[2.29951722]
lambda_net
[1.33822966]
------------------

[0;31m---------------------------------------------------------------------------[0m
[0;31mNameError[0m                                 Traceback (most recent call last)
Cell [0;32mIn[10], line 13[0m
[1;32m     10[0m [38;5;28mprint[39m([38;5;124m'[39m[38;5;124mlambda_net[39m[38;5;124m'[39m)
[1;32m     11[0m [38;5;28mprint[39m(lambda_net)
[0;32m---> 13[0m lambda_h2o [38;5;241m=[39m [43mlambda0[49m [38;5;241m-[39m lambda_net
[1;32m     14[0m [38;5;28mprint[39m([38;5;124m'[39m[38;5;124mlambda_h2o[39m[38;5;124m'[39m)
[1;32m     15[0m [38;5;28mprint[39m(lambda_h2o)

[0;31mNameError[0m: name 'lambda0' is not defined

