Traceback (most recent call last):
  File "/Users/yuchiaol_ntuas/miniconda3/lib/python3.11/site-packages/jupyter_cache/executors/utils.py", line 58, in single_nb_execution
    executenb(
  File "/Users/yuchiaol_ntuas/miniconda3/lib/python3.11/site-packages/nbclient/client.py", line 1305, in execute
    return NotebookClient(nb=nb, resources=resources, km=km, **kwargs).execute()
           ^^^^^^^^^^^^^^^^^^^^^^^^^^^^^^^^^^^^^^^^^^^^^^^^^^^^^^^^^^^^^^^^^^^^^
  File "/Users/yuchiaol_ntuas/miniconda3/lib/python3.11/site-packages/jupyter_core/utils/__init__.py", line 166, in wrapped
    return loop.run_until_complete(inner)
           ^^^^^^^^^^^^^^^^^^^^^^^^^^^^^^
  File "/Users/yuchiaol_ntuas/miniconda3/lib/python3.11/asyncio/base_events.py", line 653, in run_until_complete
    return future.result()
           ^^^^^^^^^^^^^^^
  File "/Users/yuchiaol_ntuas/miniconda3/lib/python3.11/site-packages/nbclient/client.py", line 705, in async_execute
    await self.async_execute_cell(
  File "/Users/yuchiaol_ntuas/miniconda3/lib/python3.11/site-packages/nbclient/client.py", line 1058, in async_execute_cell
    await self._check_raise_for_error(cell, cell_index, exec_reply)
  File "/Users/yuchiaol_ntuas/miniconda3/lib/python3.11/site-packages/nbclient/client.py", line 914, in _check_raise_for_error
    raise CellExecutionError.from_cell_and_msg(cell, exec_reply_content)
nbclient.exceptions.CellExecutionError: An error occurred while executing the following cell:
------------------
def make_skewT():
    fig = plt.figure(figsize=(9, 9))
    skew = SkewT(fig, rotation=30)
    skew.plot(Tglobal.level, Tglobal, color='k', linestyle='-', linewidth=2, label='Observations')
    skew.ax.set_ylim(1050, 10)
    skew.ax.set_xlim(-90, 45)
    # Add the relevant special lines
    skew.plot_dry_adiabats(linewidth=0.5)
    skew.plot_moist_adiabats(linewidth=0.5)
    #skew.plot_mixing_lines()
    skew.ax.legend()
    skew.ax.set_xlabel('Temperature (degC)', fontsize=14)
    skew.ax.set_ylabel('Pressure (hPa)', fontsize=14)
    return skew


skew = make_skewT()
------------------


[0;31m---------------------------------------------------------------------------[0m
[0;31mNameError[0m                                 Traceback (most recent call last)
Cell [0;32mIn[1], line 17[0m
[1;32m     13[0m     skew[38;5;241m.[39max[38;5;241m.[39mset_ylabel([38;5;124m'[39m[38;5;124mPressure (hPa)[39m[38;5;124m'[39m, fontsize[38;5;241m=[39m[38;5;241m14[39m)
[1;32m     14[0m     [38;5;28;01mreturn[39;00m skew
[0;32m---> 17[0m skew [38;5;241m=[39m [43mmake_skewT[49m[43m([49m[43m)[49m

Cell [0;32mIn[1], line 2[0m, in [0;36mmake_skewT[0;34m()[0m
[1;32m      1[0m [38;5;28;01mdef[39;00m [38;5;21mmake_skewT[39m():
[0;32m----> 2[0m     fig [38;5;241m=[39m [43mplt[49m[38;5;241m.[39mfigure(figsize[38;5;241m=[39m([38;5;241m9[39m, [38;5;241m9[39m))
[1;32m      3[0m     skew [38;5;241m=[39m SkewT(fig, rotation[38;5;241m=[39m[38;5;241m30[39m)
[1;32m      4[0m     skew[38;5;241m.[39mplot(Tglobal[38;5;241m.[39mlevel, Tglobal, color[38;5;241m=[39m[38;5;124m'[39m[38;5;124mk[39m[38;5;124m'[39m, linestyle[38;5;241m=[39m[38;5;124m'[39m[38;5;124m-[39m[38;5;124m'[39m, linewidth[38;5;241m=[39m[38;5;241m2[39m, label[38;5;241m=[39m[38;5;124m'[39m[38;5;124mObservations[39m[38;5;124m'[39m)

[0;31mNameError[0m: name 'plt' is not defined

